\BOOKMARK [1][-]{section.1}{\376\377\000I\000n\000t\000r\000o\000d\000u\000c\000t\000i\000o\000n}{}% 1
\BOOKMARK [1][-]{section.2}{\376\377\000T\000h\000e\000\040\000G\000r\000i\000d\000P\000o\000w\000e\000r\000A\000g\000e\000n\000t\000\040\000C\000o\000r\000p\000u\000s}{}% 2
\BOOKMARK [2][-]{subsection.2.1}{\376\377\000C\000o\000m\000p\000o\000s\000i\000t\000i\000o\000n}{section.2}% 3
\BOOKMARK [2][-]{subsection.2.2}{\376\377\000M\000e\000a\000s\000u\000r\000e\000m\000e\000n\000t\000s\000\040\000a\000n\000d\000\040\000I\000t\000e\000r\000a\000t\000i\000v\000e\000\040\000W\000L\000S\000\040\000S\000t\000a\000t\000e\000\040\000E\000s\000t\000i\000m\000a\000t\000i\000o\000n}{section.2}% 4
\BOOKMARK [2][-]{subsection.2.3}{\376\377\000F\000a\000i\000l\000u\000r\000e\000\040\000R\000e\000g\000i\000s\000t\000r\000y}{section.2}% 5
\BOOKMARK [2][-]{subsection.2.4}{\376\377\000D\000u\000a\000l\000-\000A\000x\000i\000s\000\040\000R\000e\000f\000e\000r\000e\000n\000c\000e\000\040\000K\000e\000y\000i\000n\000g}{section.2}% 6
\BOOKMARK [2][-]{subsection.2.5}{\376\377\000T\000o\000o\000l\000s\000\040\000a\000n\000d\000\040\000K\000n\000o\000w\000l\000e\000d\000g\000e\000\040\000B\000a\000s\000e}{section.2}% 7
\BOOKMARK [1][-]{section.3}{\376\377\000E\000v\000a\000l\000u\000a\000t\000i\000o\000n\000\040\000D\000e\000s\000i\000g\000n}{}% 8
\BOOKMARK [2][-]{subsection.3.1}{\376\377\000M\000o\000d\000e\000l\000s\000\040\000a\000n\000d\000\040\000T\000i\000e\000r\000s}{section.3}% 9
\BOOKMARK [2][-]{subsection.3.2}{\376\377\000O\000b\000s\000e\000r\000v\000a\000t\000i\000o\000n\000\040\000C\000h\000a\000n\000n\000e\000l\000s}{section.3}% 10
\BOOKMARK [2][-]{subsection.3.3}{\376\377\000C\000l\000o\000s\000e\000d\000-\000L\000o\000o\000p\000\040\000T\000o\000o\000l\000\040\000P\000r\000o\000t\000o\000c\000o\000l}{section.3}% 11
\BOOKMARK [2][-]{subsection.3.4}{\376\377\000M\000e\000t\000r\000i\000c\000s\000\040\000a\000n\000d\000\040\000P\000o\000w\000e\000r}{section.3}% 12
\BOOKMARK [1][-]{section.4}{\376\377\000R\000e\000s\000u\000l\000t\000s\000\040\000a\000n\000d\000\040\000D\000i\000s\000c\000u\000s\000s\000i\000o\000n}{}% 13
\BOOKMARK [2][-]{subsection.4.1}{\376\377\000T\000e\000x\000t\000u\000a\000l\000\040\000L\000e\000a\000k\000a\000g\000e\000:\000\040\000D\000e\000s\000c\000r\000i\000p\000t\000i\000o\000n\000-\000O\000n\000l\000y\000\040\000D\000i\000a\000g\000n\000o\000s\000i\000s}{section.4}% 14
\BOOKMARK [2][-]{subsection.4.2}{\376\377\000O\000b\000s\000e\000r\000v\000a\000t\000i\000o\000n\000\040\000C\000h\000a\000n\000n\000e\000l\000s\000\040\000a\000n\000d\000\040\000B\000a\000s\000e\000l\000i\000n\000e\000s}{section.4}% 15
\BOOKMARK [2][-]{subsection.4.3}{\376\377\000C\000o\000n\000f\000i\000g\000u\000r\000a\000t\000i\000o\000n\000\040\000E\000f\000f\000e\000c\000t\000s\000\040\000a\000n\000d\000\040\000P\000o\000w\000e\000r}{section.4}% 16
\BOOKMARK [2][-]{subsection.4.4}{\376\377\000C\000l\000o\000s\000e\000d\000-\000L\000o\000o\000p\000\040\000T\000o\000o\000l\000\040\000E\000x\000e\000c\000u\000t\000i\000o\000n}{section.4}% 17
\BOOKMARK [2][-]{subsection.4.5}{\376\377\000C\000r\000o\000s\000s\000-\000N\000e\000t\000w\000o\000r\000k\000\040\000C\000h\000e\000c\000k}{section.4}% 18
\BOOKMARK [2][-]{subsection.4.6}{\376\377\000T\000o\000o\000l\000\040\000S\000e\000l\000e\000c\000t\000i\000o\000n\000,\000\040\000J\000u\000d\000g\000e\000\040\000F\000l\000a\000g\000s\000,\000\040\000a\000n\000d\000\040\000L\000a\000t\000e\000n\000c\000y}{section.4}% 19
\BOOKMARK [1][-]{section.5}{\376\377\000C\000o\000n\000c\000l\000u\000s\000i\000o\000n}{}% 20
\BOOKMARK [1][-]{section*.1}{\376\377\000R\000e\000f\000e\000r\000e\000n\000c\000e\000s}{}% 21
